Component: Arm Compiler for Embedded 6.23 Tool: armlink [5f102400]

==============================================================================

Section Cross References

    shadow.o(SHADOW_CODE) refers to startscreen.o(MYIMAGE) for SwordsBound
    shadow.o(SHADOW_CODE) refers to general.o(MYIMAGE) for Sky_Top2
    shadow.o(SHADOW_CODE) refers to left.o(MYIMAGE) for Left_One
    shadow.o(SHADOW_CODE) refers to right.o(MYIMAGE) for Right_One
    shadow.o(SHADOW_CODE) refers to health.o(MYIMAGE) for Health100
    shadow.o(SHADOW_CODE) refers to health_2.o(MYIMAGE) for Health100_2
    shadow.o(SHADOW_CODE) refers to gameover.o(MYIMAGE) for GAMEOVER
    startup_stm32f401xc.o(STACK) refers (Special) to heapauxi.o(.text) for __use_two_region_memory
    startup_stm32f401xc.o(HEAP) refers (Special) to heapauxi.o(.text) for __use_two_region_memory
    startup_stm32f401xc.o(RESET) refers (Special) to heapauxi.o(.text) for __use_two_region_memory
    startup_stm32f401xc.o(RESET) refers to startup_stm32f401xc.o(STACK) for __initial_sp
    startup_stm32f401xc.o(RESET) refers to startup_stm32f401xc.o(.text) for Reset_Handler
    startup_stm32f401xc.o(.text) refers (Special) to heapauxi.o(.text) for __use_two_region_memory
    startup_stm32f401xc.o(.text) refers to system_stm32f4xx.o(.text.SystemInit) for SystemInit
    startup_stm32f401xc.o(.text) refers to shadow.o(SHADOW_CODE) for __main
    startup_stm32f401xc.o(.text) refers to startup_stm32f401xc.o(HEAP) for Heap_Mem
    startup_stm32f401xc.o(.text) refers to startup_stm32f401xc.o(STACK) for Stack_Mem
    system_stm32f4xx.o(.ARM.exidx.text.SystemInit) refers to system_stm32f4xx.o(.text.SystemInit) for [Anonymous Symbol]
    system_stm32f4xx.o(.text.SystemCoreClockUpdate) refers to system_stm32f4xx.o(.data.SystemCoreClock) for SystemCoreClock
    system_stm32f4xx.o(.text.SystemCoreClockUpdate) refers to system_stm32f4xx.o(.rodata.AHBPrescTable) for AHBPrescTable
    system_stm32f4xx.o(.ARM.exidx.text.SystemCoreClockUpdate) refers to system_stm32f4xx.o(.text.SystemCoreClockUpdate) for [Anonymous Symbol]


==============================================================================

Removing Unused exception sections from the image.

    Removing system_stm32f4xx.o(.ARM.exidx.text.SystemInit), (8 bytes).
    Removing system_stm32f4xx.o(.ARM.exidx.text.SystemCoreClockUpdate), (8 bytes).

2 unused section(s) (total 16 bytes) removed from the image.

==============================================================================

Image Symbol Table

    Local Symbols

    Symbol Name                              Value     Ov Type        Size  Object(Section)

    ../clib/heapaux.c                        0x00000000   Number         0  heapauxi.o ABSOLUTE
    GameOver.s                               0x00000000   Number         0  gameover.o ABSOLUTE
    Health.s                                 0x00000000   Number         0  health.o ABSOLUTE
    Health_2.s                               0x00000000   Number         0  health_2.o ABSOLUTE
    RTE/Device/STM32F401RCTx/startup_stm32f401xc.s 0x00000000   Number         0  startup_stm32f401xc.o ABSOLUTE
    Right.s                                  0x00000000   Number         0  right.o ABSOLUTE
    Shadow.s                                 0x00000000   Number         0  shadow.o ABSOLUTE
    StartScreen.s                            0x00000000   Number         0  startscreen.o ABSOLUTE
    dc.s                                     0x00000000   Number         0  dc.o ABSOLUTE
    general.s                                0x00000000   Number         0  general.o ABSOLUTE
    left.s                                   0x00000000   Number         0  left.o ABSOLUTE
    system_stm32f4xx.c                       0x00000000   Number         0  system_stm32f4xx.o ABSOLUTE
    RESET                                    0x08000000   Section      404  startup_stm32f401xc.o(RESET)
    $v0                                      0x08000194   Number         0  startup_stm32f401xc.o(.text)
    .text                                    0x08000194   Section       64  startup_stm32f401xc.o(.text)
    .text                                    0x080001d4   Section        0  heapauxi.o(.text)
    [Anonymous Symbol]                       0x080001dc   Section        0  system_stm32f4xx.o(.text.SystemCoreClockUpdate)
    [Anonymous Symbol]                       0x0800030c   Section        0  system_stm32f4xx.o(.text.SystemInit)
    $v0                                      0x08000320   Number         0  shadow.o(SHADOW_CODE)
    SHADOW_CODE                              0x08000320   Section     3644  shadow.o(SHADOW_CODE)
    MYIMAGE                                  0x08001174   Section    27848  general.o(MYIMAGE)
    MYIMAGE                                  0x08007e3c   Section    21648  health.o(MYIMAGE)
    MYIMAGE                                  0x0800d2cc   Section    80040  left.o(MYIMAGE)
    MYIMAGE                                  0x08020b74   Section    80040  right.o(MYIMAGE)
    MYIMAGE                                  0x0803441c   Section    21648  health_2.o(MYIMAGE)
    MYIMAGE                                  0x080398ac   Section    10984  gameover.o(MYIMAGE)
    MYIMAGE                                  0x0803c394   Section    10928  startscreen.o(MYIMAGE)
    MYDATA                                   0x20000004   Section        0  shadow.o(MYDATA)
    Heap_Mem                                 0x20000008   Data         512  startup_stm32f401xc.o(HEAP)
    HEAP                                     0x20000008   Section      512  startup_stm32f401xc.o(HEAP)
    Stack_Mem                                0x20000208   Data        1024  startup_stm32f401xc.o(STACK)
    STACK                                    0x20000208   Section     1024  startup_stm32f401xc.o(STACK)
    __initial_sp                             0x20000608   Data           0  startup_stm32f401xc.o(STACK)

    Global Symbols

    Symbol Name                              Value     Ov Type        Size  Object(Section)

    BuildAttributes$$THM_ISAv4$E$P$D$K$B$S$7EM$VFPi3$EXTD16$VFPS$VFMA$PE$A:L22UL41UL21$X:L11$S22US41US21$IEEE1$IW$~IW$USESV6$~STKCKD$USESV7$~SHL$OSPACE$ROPI$EBA8$STANDARDLIB$REQ8$EABIv2 0x00000000   Number         0  anon$$obj.o ABSOLUTE
    __Vectors_Size                           0x00000194   Number         0  startup_stm32f401xc.o ABSOLUTE
    __Vectors                                0x08000000   Data           4  startup_stm32f401xc.o(RESET)
    Reset_Handler                            0x08000195   Thumb Code     8  startup_stm32f401xc.o(.text)
    __Vectors_End                            0x08000194   Data           0  startup_stm32f401xc.o(RESET)
    NMI_Handler                              0x0800019d   Thumb Code     2  startup_stm32f401xc.o(.text)
    HardFault_Handler                        0x0800019f   Thumb Code     2  startup_stm32f401xc.o(.text)
    MemManage_Handler                        0x080001a1   Thumb Code     2  startup_stm32f401xc.o(.text)
    BusFault_Handler                         0x080001a3   Thumb Code     2  startup_stm32f401xc.o(.text)
    UsageFault_Handler                       0x080001a5   Thumb Code     2  startup_stm32f401xc.o(.text)
    SVC_Handler                              0x080001a7   Thumb Code     2  startup_stm32f401xc.o(.text)
    DebugMon_Handler                         0x080001a9   Thumb Code     2  startup_stm32f401xc.o(.text)
    PendSV_Handler                           0x080001ab   Thumb Code     2  startup_stm32f401xc.o(.text)
    SysTick_Handler                          0x080001ad   Thumb Code     2  startup_stm32f401xc.o(.text)
    ADC_IRQHandler                           0x080001af   Thumb Code     0  startup_stm32f401xc.o(.text)
    DMA1_Stream0_IRQHandler                  0x080001af   Thumb Code     0  startup_stm32f401xc.o(.text)
    DMA1_Stream1_IRQHandler                  0x080001af   Thumb Code     0  startup_stm32f401xc.o(.text)
    DMA1_Stream2_IRQHandler                  0x080001af   Thumb Code     0  startup_stm32f401xc.o(.text)
    DMA1_Stream3_IRQHandler                  0x080001af   Thumb Code     0  startup_stm32f401xc.o(.text)
    DMA1_Stream4_IRQHandler                  0x080001af   Thumb Code     0  startup_stm32f401xc.o(.text)
    DMA1_Stream5_IRQHandler                  0x080001af   Thumb Code     0  startup_stm32f401xc.o(.text)
    DMA1_Stream6_IRQHandler                  0x080001af   Thumb Code     0  startup_stm32f401xc.o(.text)
    DMA1_Stream7_IRQHandler                  0x080001af   Thumb Code     0  startup_stm32f401xc.o(.text)
    DMA2_Stream0_IRQHandler                  0x080001af   Thumb Code     0  startup_stm32f401xc.o(.text)
    DMA2_Stream1_IRQHandler                  0x080001af   Thumb Code     0  startup_stm32f401xc.o(.text)
    DMA2_Stream2_IRQHandler                  0x080001af   Thumb Code     0  startup_stm32f401xc.o(.text)
    DMA2_Stream3_IRQHandler                  0x080001af   Thumb Code     0  startup_stm32f401xc.o(.text)
    DMA2_Stream4_IRQHandler                  0x080001af   Thumb Code     0  startup_stm32f401xc.o(.text)
    DMA2_Stream5_IRQHandler                  0x080001af   Thumb Code     0  startup_stm32f401xc.o(.text)
    DMA2_Stream6_IRQHandler                  0x080001af   Thumb Code     0  startup_stm32f401xc.o(.text)
    DMA2_Stream7_IRQHandler                  0x080001af   Thumb Code     0  startup_stm32f401xc.o(.text)
    EXTI0_IRQHandler                         0x080001af   Thumb Code     0  startup_stm32f401xc.o(.text)
    EXTI15_10_IRQHandler                     0x080001af   Thumb Code     0  startup_stm32f401xc.o(.text)
    EXTI1_IRQHandler                         0x080001af   Thumb Code     0  startup_stm32f401xc.o(.text)
    EXTI2_IRQHandler                         0x080001af   Thumb Code     0  startup_stm32f401xc.o(.text)
    EXTI3_IRQHandler                         0x080001af   Thumb Code     0  startup_stm32f401xc.o(.text)
    EXTI4_IRQHandler                         0x080001af   Thumb Code     0  startup_stm32f401xc.o(.text)
    EXTI9_5_IRQHandler                       0x080001af   Thumb Code     0  startup_stm32f401xc.o(.text)
    FLASH_IRQHandler                         0x080001af   Thumb Code     0  startup_stm32f401xc.o(.text)
    FPU_IRQHandler                           0x080001af   Thumb Code     0  startup_stm32f401xc.o(.text)
    I2C1_ER_IRQHandler                       0x080001af   Thumb Code     0  startup_stm32f401xc.o(.text)
    I2C1_EV_IRQHandler                       0x080001af   Thumb Code     0  startup_stm32f401xc.o(.text)
    I2C2_ER_IRQHandler                       0x080001af   Thumb Code     0  startup_stm32f401xc.o(.text)
    I2C2_EV_IRQHandler                       0x080001af   Thumb Code     0  startup_stm32f401xc.o(.text)
    I2C3_ER_IRQHandler                       0x080001af   Thumb Code     0  startup_stm32f401xc.o(.text)
    I2C3_EV_IRQHandler                       0x080001af   Thumb Code     0  startup_stm32f401xc.o(.text)
    OTG_FS_IRQHandler                        0x080001af   Thumb Code     0  startup_stm32f401xc.o(.text)
    OTG_FS_WKUP_IRQHandler                   0x080001af   Thumb Code     0  startup_stm32f401xc.o(.text)
    PVD_IRQHandler                           0x080001af   Thumb Code     0  startup_stm32f401xc.o(.text)
    RCC_IRQHandler                           0x080001af   Thumb Code     0  startup_stm32f401xc.o(.text)
    RTC_Alarm_IRQHandler                     0x080001af   Thumb Code     0  startup_stm32f401xc.o(.text)
    RTC_WKUP_IRQHandler                      0x080001af   Thumb Code     0  startup_stm32f401xc.o(.text)
    SDIO_IRQHandler                          0x080001af   Thumb Code     0  startup_stm32f401xc.o(.text)
    SPI1_IRQHandler                          0x080001af   Thumb Code     0  startup_stm32f401xc.o(.text)
    SPI2_IRQHandler                          0x080001af   Thumb Code     0  startup_stm32f401xc.o(.text)
    SPI3_IRQHandler                          0x080001af   Thumb Code     0  startup_stm32f401xc.o(.text)
    SPI4_IRQHandler                          0x080001af   Thumb Code     0  startup_stm32f401xc.o(.text)
    TAMP_STAMP_IRQHandler                    0x080001af   Thumb Code     0  startup_stm32f401xc.o(.text)
    TIM1_BRK_TIM9_IRQHandler                 0x080001af   Thumb Code     0  startup_stm32f401xc.o(.text)
    TIM1_CC_IRQHandler                       0x080001af   Thumb Code     0  startup_stm32f401xc.o(.text)
    TIM1_TRG_COM_TIM11_IRQHandler            0x080001af   Thumb Code     0  startup_stm32f401xc.o(.text)
    TIM1_UP_TIM10_IRQHandler                 0x080001af   Thumb Code     0  startup_stm32f401xc.o(.text)
    TIM2_IRQHandler                          0x080001af   Thumb Code     0  startup_stm32f401xc.o(.text)
    TIM3_IRQHandler                          0x080001af   Thumb Code     0  startup_stm32f401xc.o(.text)
    TIM4_IRQHandler                          0x080001af   Thumb Code     0  startup_stm32f401xc.o(.text)
    TIM5_IRQHandler                          0x080001af   Thumb Code     0  startup_stm32f401xc.o(.text)
    USART1_IRQHandler                        0x080001af   Thumb Code     0  startup_stm32f401xc.o(.text)
    USART2_IRQHandler                        0x080001af   Thumb Code     0  startup_stm32f401xc.o(.text)
    USART6_IRQHandler                        0x080001af   Thumb Code     0  startup_stm32f401xc.o(.text)
    WWDG_IRQHandler                          0x080001af   Thumb Code     0  startup_stm32f401xc.o(.text)
    __user_initial_stackheap                 0x080001b1   Thumb Code     0  startup_stm32f401xc.o(.text)
    __use_two_region_memory                  0x080001d5   Thumb Code     2  heapauxi.o(.text)
    __rt_heap_escrow$2region                 0x080001d7   Thumb Code     2  heapauxi.o(.text)
    __rt_heap_expand$2region                 0x080001d9   Thumb Code     2  heapauxi.o(.text)
    SystemCoreClockUpdate                    0x080001dd   Thumb Code   302  system_stm32f4xx.o(.text.SystemCoreClockUpdate)
    SystemInit                               0x0800030d   Thumb Code    18  system_stm32f4xx.o(.text.SystemInit)
    __main                                   0x08000321   Thumb Code   116  shadow.o(SHADOW_CODE)
    AHBPrescTable                            0x0800115c   Data          16  system_stm32f4xx.o(.rodata.AHBPrescTable)
    APBPrescTable                            0x0800116c   Data           8  system_stm32f4xx.o(.rodata.APBPrescTable)
    Ground_Left                              0x08001174   Data           0  general.o(MYIMAGE)
    Ground_General                           0x08002504   Data           0  general.o(MYIMAGE)
    Ground_Right                             0x08003894   Data           0  general.o(MYIMAGE)
    Heart                                    0x08004c24   Data           0  general.o(MYIMAGE)
    Sky_Top                                  0x08004f4c   Data           0  general.o(MYIMAGE)
    Sky_Top2                                 0x080066c4   Data           0  general.o(MYIMAGE)
    Health100                                0x08007e3c   Data           0  health.o(MYIMAGE)
    Health80                                 0x08008c54   Data           0  health.o(MYIMAGE)
    Health60                                 0x08009a6c   Data           0  health.o(MYIMAGE)
    Health40                                 0x0800a884   Data           0  health.o(MYIMAGE)
    Health20                                 0x0800b69c   Data           0  health.o(MYIMAGE)
    Health0                                  0x0800c4b4   Data           0  health.o(MYIMAGE)
    Left_One                                 0x0800d2cc   Data           0  left.o(MYIMAGE)
    Left_Two                                 0x08011154   Data           0  left.o(MYIMAGE)
    Left_Three                               0x08014fdc   Data           0  left.o(MYIMAGE)
    Left_Four                                0x08018e64   Data           0  left.o(MYIMAGE)
    Left_Five                                0x0801ccec   Data           0  left.o(MYIMAGE)
    Right_One                                0x08020b74   Data           0  right.o(MYIMAGE)
    Right_Two                                0x080249fc   Data           0  right.o(MYIMAGE)
    Right_Three                              0x08028884   Data           0  right.o(MYIMAGE)
    Right_Four                               0x0802c70c   Data           0  right.o(MYIMAGE)
    Right_Five                               0x08030594   Data           0  right.o(MYIMAGE)
    Health0_2                                0x0803441c   Data           0  health_2.o(MYIMAGE)
    Health20_2                               0x08035234   Data           0  health_2.o(MYIMAGE)
    Health40_2                               0x0803604c   Data           0  health_2.o(MYIMAGE)
    Health60_2                               0x08036e64   Data           0  health_2.o(MYIMAGE)
    Health80_2                               0x08037c7c   Data           0  health_2.o(MYIMAGE)
    Health100_2                              0x08038a94   Data           0  health_2.o(MYIMAGE)
    GAMEOVER                                 0x080398ac   Data           0  gameover.o(MYIMAGE)
    SwordsBound                              0x0803c394   Data           0  startscreen.o(MYIMAGE)
    ClickToStart                             0x0803e5fc   Data           0  startscreen.o(MYIMAGE)
    SystemCoreClock                          0x20000000   Data           4  system_stm32f4xx.o(.data.SystemCoreClock)



==============================================================================

Memory Map of the image

  Image entry point : Not specified.

  Load Region LR_IROM1 (Base: 0x08000000, Size: 0x0003ee50, Max: 0x00040000, ABSOLUTE)

    Execution Region ER_IROM1 (Exec base: 0x08000000, Load base: 0x08000000, Size: 0x0003ee44, Max: 0x00040000, ABSOLUTE)

    Exec Addr    Load Addr    Size         Type   Attr      Idx    E Section Name        Object

    0x08000000   0x08000000   0x00000194   Data   RO           17    RESET               startup_stm32f401xc.o
    0x08000194   0x08000194   0x00000040   Code   RO           18    .text               startup_stm32f401xc.o
    0x080001d4   0x080001d4   0x00000000   Code   RO           22    .text               system_stm32f4xx.o
    0x080001d4   0x080001d4   0x00000006   Code   RO           38    .text               c_w.l(heapauxi.o)
    0x080001da   0x080001da   0x00000002   PAD
    0x080001dc   0x080001dc   0x0000012e   Code   RO           25    .text.SystemCoreClockUpdate  system_stm32f4xx.o
    0x0800030a   0x0800030a   0x00000002   PAD
    0x0800030c   0x0800030c   0x00000012   Code   RO           23    .text.SystemInit    system_stm32f4xx.o
    0x0800031e   0x0800031e   0x00000002   PAD
    0x08000320   0x08000320   0x00000e3c   Code   RO            2    SHADOW_CODE         shadow.o
    0x0800115c   0x0800115c   0x00000010   Data   RO           28    .rodata.AHBPrescTable  system_stm32f4xx.o
    0x0800116c   0x0800116c   0x00000008   Data   RO           29    .rodata.APBPrescTable  system_stm32f4xx.o
    0x08001174   0x08001174   0x00006cc8   Data   RO            8    MYIMAGE             general.o
    0x08007e3c   0x08007e3c   0x00005490   Data   RO            9    MYIMAGE             health.o
    0x0800d2cc   0x0800d2cc   0x000138a8   Data   RO           10    MYIMAGE             left.o
    0x08020b74   0x08020b74   0x000138a8   Data   RO           11    MYIMAGE             right.o
    0x0803441c   0x0803441c   0x00005490   Data   RO           12    MYIMAGE             health_2.o
    0x080398ac   0x080398ac   0x00002ae8   Data   RO           13    MYIMAGE             gameover.o
    0x0803c394   0x0803c394   0x00002ab0   Data   RO           14    MYIMAGE             startscreen.o


    Execution Region RW_IRAM1 (Exec base: 0x20000000, Load base: 0x0803ee48, Size: 0x00000608, Max: 0x00010000, ABSOLUTE)

    Exec Addr    Load Addr    Size         Type   Attr      Idx    E Section Name        Object

    0x20000000   0x0803ee48   0x00000004   Data   RW           27    .data.SystemCoreClock  system_stm32f4xx.o
    0x20000004   0x0803ee4c   0x00000000   Data   RW            1    MYDATA              shadow.o
    0x20000004   0x0803ee4c   0x00000004   PAD
    0x20000008        -       0x00000200   Zero   RW           16    HEAP                startup_stm32f401xc.o
    0x20000208        -       0x00000400   Zero   RW           15    STACK               startup_stm32f401xc.o


==============================================================================

Image component sizes


      Code (inc. data)   RO Data    RW Data    ZI Data      Debug   Object Name

         0          0      10984          0          0          0   gameover.o
         0          0      27848          0          0          0   general.o
         0          0      21648          0          0          0   health.o
         0          0      21648          0          0          0   health_2.o
         0          0      80040          0          0          0   left.o
         0          0      80040          0          0          0   right.o
      3644        226          0          0          0       1520   shadow.o
         0          0      10928          0          0          0   startscreen.o
        64         26        404          0       1536        844   startup_stm32f401xc.o
       320          0         24          4          0       2758   system_stm32f4xx.o

    ----------------------------------------------------------------------
      4032        252     253564          4       1540       5122   Object Totals
         0          0          0          0          0          0   (incl. Generated)
         4          0          0          0          4          0   (incl. Padding)

    ----------------------------------------------------------------------

      Code (inc. data)   RO Data    RW Data    ZI Data      Debug   Library Member Name

         6          0          0          0          0        152   heapauxi.o

    ----------------------------------------------------------------------
         8          0          0          0          0        152   Library Totals
         2          0          0          0          0          0   (incl. Padding)

    ----------------------------------------------------------------------

      Code (inc. data)   RO Data    RW Data    ZI Data      Debug   Library Name

         6          0          0          0          0        152   c_w.l

    ----------------------------------------------------------------------
         8          0          0          0          0        152   Library Totals

    ----------------------------------------------------------------------

==============================================================================


      Code (inc. data)   RO Data    RW Data    ZI Data      Debug   

      4040        252     253564          4       1540       5174   Grand Totals
      4040        252     253564          4       1540       5174   ELF Image Totals
      4040        252     253564          4          0          0   ROM Totals

==============================================================================

    Total RO  Size (Code + RO Data)               257604 ( 251.57kB)
    Total RW  Size (RW Data + ZI Data)              1544 (   1.51kB)
    Total ROM Size (Code + RO Data + RW Data)     257608 ( 251.57kB)

==============================================================================

